// Jest Snapshot v1, https://goo.gl/fbAQLP

exports[`renders correctly 1`] = `
<div
  className="background"
  style={
    Object {
      "backgroundImage": "url(undefined)",
    }
  }
>
  <section
    className="content"
  >
     
    <div />
     
  </section>
</div>
`;
