// Jest Snapshot v1, https://goo.gl/fbAQLP

exports[`Navigation matches the snapshot 1`] = `
<div>
  <header
    class="MuiPaper-root MuiAppBar-root MuiAppBar-positionSticky MuiAppBar-colorPrimary makeStyles-appBarMobile-7 MuiPaper-elevation4"
  >
    <div
      class="MuiToolbar-root MuiToolbar-regular makeStyles-mobileToolBar-4 MuiToolbar-gutters"
    >
      <div
        class="makeStyles-titleGrow-5"
      >
        <a
          href="/"
        >
          <img
            alt="nav-logo"
            class="makeStyles-menuMobileButton-3"
            src="test-file-stub"
          />
        </a>
      </div>
      <button
        aria-label="menu"
        class="MuiButtonBase-root MuiIconButton-root makeStyles-menuButton-9 MuiIconButton-colorInherit MuiIconButton-edgeStart"
        tabindex="0"
        type="button"
      >
        <span
          class="MuiIconButton-label"
        >
          <svg
            aria-hidden="true"
            class="MuiSvgIcon-root"
            focusable="false"
            viewBox="0 0 24 24"
          >
            <path
              d="M3 18h18v-2H3v2zm0-5h18v-2H3v2zm0-7v2h18V6H3z"
            />
          </svg>
        </span>
        <span
          class="MuiTouchRipple-root"
        />
      </button>
    </div>
  </header>
</div>
`;

exports[`Navigation matches the snapshot 2`] = `
<div>
  <header
    class="MuiPaper-root MuiAppBar-root MuiAppBar-positionSticky MuiAppBar-colorPrimary makeStyles-appBarMobile-7 MuiPaper-elevation4"
  >
    <div
      class="MuiToolbar-root MuiToolbar-regular makeStyles-mobileToolBar-4 MuiToolbar-gutters"
    >
      <div
        class="makeStyles-titleGrow-5"
      >
        <a
          href="/"
        >
          <img
            alt="nav-logo"
            class="makeStyles-menuMobileButton-3"
            src="test-file-stub"
          />
        </a>
      </div>
      <button
        aria-label="menu"
        class="MuiButtonBase-root MuiIconButton-root makeStyles-menuButton-9 MuiIconButton-colorInherit MuiIconButton-edgeStart"
        tabindex="0"
        type="button"
      >
        <span
          class="MuiIconButton-label"
        >
          <svg
            aria-hidden="true"
            class="MuiSvgIcon-root"
            focusable="false"
            viewBox="0 0 24 24"
          >
            <path
              d="M3 18h18v-2H3v2zm0-5h18v-2H3v2zm0-7v2h18V6H3z"
            />
          </svg>
        </span>
        <span
          class="MuiTouchRipple-root"
        />
      </button>
    </div>
  </header>
</div>
`;
